Fitter Status : Successful - Wed Oct 21 20:29:10 2020
Quartus Prime Version : 19.1.0 Build 670 09/22/2019 SJ Standard Edition
Revision Name : pcie_de_gen1_x8_ast128
Top-level Entity Name : pcie_de_gen1_x8_ast128
Family : Stratix V
Device : 5SGXEA7N2F45C2
Timing Models : Final
Logic utilization (in ALMs) : 4,802 / 234,720 ( 2 % )
Total registers : 8432
Total pins : 382 / 1,064 ( 36 % )
Total virtual pins : 0
Total block memory bits : 636,416 / 52,428,800 ( 1 % )
Total RAM Blocks : 55 / 2,560 ( 2 % )
Total DSP Blocks : 0 / 256 ( 0 % )
Total HSSI STD RX PCSs : 9 / 48 ( 19 % )
Total HSSI 10G RX PCSs : 0 / 48 ( 0 % )
Total HSSI GEN3 RX PCSs : 0 / 48 ( 0 % )
Total HSSI PMA RX Deserializers : 8 / 48 ( 17 % )
Total HSSI STD TX PCSs : 9 / 48 ( 19 % )
Total HSSI 10G TX PCSs : 0 / 48 ( 0 % )
Total HSSI GEN3 TX PCSs : 0 / 48 ( 0 % )
Total HSSI PMA TX Serializers : 9 / 48 ( 19 % )
Total HSSI PIPE GEN1_2s : 9 / 48 ( 19 % )
Total HSSI GEN3s : 9 / 48 ( 19 % )
Total PLLs : 9 / 92 ( 10 % )
Total DLLs : 0 / 4 ( 0 % )
